Welcome To Scrabble!
-------------------
Menu
----
1. New Game
2. Load Game
3. Credits
4. Quit
4
Good Bye